Downloading detection model, please wait. This may take several minutes depending upon your network connection.
Downloading recognition model, please wait. This may take several minutes depending upon your network connection.
LOADED 11.109976300038397
0 00737652af24f19b.do 1.9673062999499962 29 
10 04ac3010bffa5f83.jpg 0.6307357000187039 11 
20 0d01350613178c2e.png 0.2280714000808075 7 
30 11ce50aab7258d4a.jpg 0.6608738000504673 20 
40 17643d3de3472b8b.es 0.009406500030308962 0 
50 1d3b9f31517547fe.jpg 0.08490509993862361 2 
60 21b7feb43b80d724.png 0.09072800003923476 4 
70 25f2a57301b672c9.png 0.24525220005307347 5 
80 2d24f498d31e8953.jpg 0.054412500001490116 2 
90 3482f034c071256d.png 0.005612699897028506 0 
100 3b373c53c4aeafea.png 0.014319299953058362 0 
110 423177cbdda8d724.gif 0.034612299990840256 1 
120 49052aa8181509a1.jpg 0.08357759995851666 2 
130 4df52c1fd6dc2735.do 1.4611913999542594 9 
140 59cc8f399e307523.es 0.537480500061065 25 
150 5f9bbe66aec6e27c.do 0.8998839999549091 18 
160 658a87ad149352ab.jpg 0.24535690003540367 8 
170 6cafa6b71f52558a.png 0.012947399984113872 0 
180 782df1b6bd7c858e.do 1.448246099986136 6 
190 7b34a75688be181a.png 0.027043300098739564 0 
200 7fccbfcecb6b7c4e.png 0.07269339996855706 2 
210 8d8063ca320e4b28.png 0.027337500010617077 2 
220 91fd435d3fe44a39.png 0.032083399943076074 1 
230 9c17cdeeba6b0782.jpg 0.20113870000932366 3 
240 aa117ef38c18f050.png 0.0062299000564962626 0 
250 b0aae43f672fae10.png 0.013941499986685812 0 
260 b83f24d7404f8e60.jpg 0.048425499931909144 1 
270 c5adfb2a3c19b021.png 1.692046899930574 44 
280 d7d54fd2227d824e.jpg 0.05608769995160401 2 
290 f4015b238fca1c80.jpg 0.03807710006367415 1 
292 f59e7f64d7640153.svg None 0 KeyError: 'path'
DONE 299
