0 039c94d89a6db2c3 0 0.62 
1 18e9f9bdfa0ef112.png 0 0.08 
2 21f0660741e35439.jpg 1 0.2 
3 2704361fd844b918.jpg 3 0.18 
4 7eb29474dd9cd8e3.jpg 0 0.09 
5 9c17cdeeba6b0782.jpg 3 0.2 
6 1138e6cad536ac89.png 0 0.04 
7 14e1ab1c400daf72.png 0 0.05 
8 28310e5cc65c488e.gif 0 0.02 
9 3b117c7e08f4d107.png 0 0.06 
10 428f1b4c5969909c.png 0 0.06 
11 c0394af33514ebb1.png 1 0.09 
12 026769b1356f3283.png 2 0.06 
13 075ba88c36bea11a.do 1 0.09 
14 0e1b6909831958ac.png 1 0.07 
15 1e071b0427c69490.png 2 0.05 
16 423177cbdda8d724.gif 2 0.08 
17 d5aeb9aec8a6aac3.png 2 0.07 
18 1b7d42dd2f95b6e1.jpg 8 0.25 
19 1d3b9f31517547fe.jpg 2 0.1 
20 38f9fbfe72f770f3.jpg 10 0.28 
21 4741d9518dea78ff.jpg 5 0.12 
22 569b18fe5cf1b3f9.jpg 4 0.22 
23 ad9f57c142a01c88.jpg 6 0.27 
24 046bf6ae3c5e646b.es 22 0.81 
25 2426950fc41b9a93.png 31 1.12 
26 3fd77908165a4ba9.jpg 22 0.57 
27 425f8567e6c2156b.jpg 2 0.15 
28 7a9e3ca7407f9a30.jpg 4 0.11 
29 b182f126d1b1dbba.jpg 10 0.46 
30 01fee160037c164e.do 38 2.54 
31 0be9f0f533833af2.jpg 39 0.95 
32 0c65e63384de3f64.png 48 0.9 
33 25198da01a56c796.png 36 0.62 
34 28b16068d4379176.png 107 2.19 
35 658a87ad149352ab.jpg 8 0.25 
36 11cc05715bac383f.png 1 0.04 
37 1515dfefb89fa6d5.gif 1 0.06 
38 58a031d1909dc03e.do 109 17.75 
39 6f96819d13a5746b.do 35 11.97 
40 c218978fb8f2c443.gif 1 0.04 
41 f87a726b3de847c3.do 34 6.0 
42 0126a5a466d14387.png 1 0.09 
43 13c2435103b74b76.png 0 0.08 
44 187d537104ef8f63.png 1 0.08 
45 1886af1fded91657.png 0 0.08 
46 23116baa9b7e2a02.png 0 0.07 
47 25260f803c492bbd.png 3 0.14 
48 28c9be30af1eb7c6.png 1 0.09 
49 2d2ed938808631ce.png 1 0.09 
50 340fe02eace804aa.png 0 0.08 
51 3529446861b47efb.png 1 0.09 
52 37b0442bb32bec10.png 0 0.05 
53 3b373c53c4aeafea.png 0 0.08 
54 3b76bf1ef810fe8f.png 0 0.08 
55 3cf607ffab7fd437.png 0 0.05 
56 3db5af1819fe6ff3.png 14 0.52 
57 410b11c1f2f9266a.png 0 0.05 
58 41226bbc1e76cfd3.png 1 0.09 
59 5b74bf273a4cc5a1.png 1 0.07 
60 62427a3904f10355.png 0 0.08 
61 67f5b0c9eee472ed.png 0 0.05 
62 6a8578d48c773a6e.png 0 0.06 
63 6cafa6b71f52558a.png 2 0.1 
64 71c65f2bc661d4c8.png 1 0.05 
65 730895e836be8aeb.png 6 0.19 
66 79998b4331d066e2.png 1 0.09 
67 7ae7d854f104bf97.png 1 0.09 
68 7b2c510a55cd3d79.png 0 0.06 
69 7b34a75688be181a.png 0 0.06 
70 7de5c7c05afbbc19.png 0 0.04 
71 85f7a5de219d965a.png 0 0.08 
72 869412d00cfe6445.png 0 0.08 
73 8b82df3032680413.png 0 0.05 
74 8da9de6bda0b7379.png 1 0.1 
75 91fd435d3fe44a39.png 2 0.12 
76 a79e9d9901d42a82.png 1 0.11 
77 ab08bc28484fecac.png 1 0.1 
78 af563f1c410793c3.png 4 0.12 
79 b0aae43f672fae10.png 1 0.1 
80 b4c06bcbbc421c30.png 0 0.08 
81 b5ae6b2f23bc9a47.png 1 0.04 
82 ca301a379999ed23.png 1 0.1 
83 f59e7f64d7640153.svg 0 0.02 
84 fa29c4f6f59a7253.png 1 0.04 
