LOADED 1.601769300061278
0 039c94d89a6db2c3 5.72 {'<MORE_DETAILED_CAPTION>': {'raw': '</s><s>The image shows an elderly Asian man sitting on a chair and speaking into a microphone. He is wearing a dark blue suit and a pink shirt. He has a pair of gl
1 18e9f9bdfa0ef112.png 5.23 {'<MORE_DETAILED_CAPTION>': {'raw': '</s><s>The image is a headshot of a middle-aged Asian man. He is wearing a dark suit and a pink tie. He has short black hair and is smiling at the camera. The back
2 21f0660741e35439.jpg 5.52 {'<MORE_DETAILED_CAPTION>': {'raw': '</s><s>The image shows the aftermath of a car accident. The floor is covered in debris and debris, with a large pile of trash and debris scattered around. The main
3 2704361fd844b918.jpg 6.79 {'<MORE_DETAILED_CAPTION>': {'raw': '</s><s>The image shows a robot standing on a blue carpeted floor in an exhibition hall. The robot is wearing a black and white suit with a red bowtie around its ne
4 7eb29474dd9cd8e3.jpg 6.09 {'<MORE_DETAILED_CAPTION>': {'raw': '</s><s>The image shows a construction site with a large pile of rubble and debris. There are two men working on the site, one wearing a yellow shirt and the other 
5 9c17cdeeba6b0782.jpg 8.73 {'<MORE_DETAILED_CAPTION>': {'raw': '</s><s>The image shows a group of people posing for a group photo in a conference room. There are around 20 people in the photo, all dressed in formal attire. They
6 1138e6cad536ac89.png 4.97 {'<MORE_DETAILED_CAPTION>': {'raw': '</s><s>The image is a simple illustration of a sun. The sun is in the center of the image and is a bright yellow color. It has eight rays radiating outwards from t
7 14e1ab1c400daf72.png 4.63 {'<MORE_DETAILED_CAPTION>': {'raw': '</s><s>The image is a black and white line drawing of a computer monitor. The monitor is rectangular in shape and has a stand at the bottom. In the center of the m
8 28310e5cc65c488e.gif 4.67 {'<MORE_DETAILED_CAPTION>': {'raw': '</s><s>The image is a black and white photograph of a screw. The screw is in the center of the image and is slightly blurred, making it difficult to make out any d
9 3b117c7e08f4d107.png 4.74 {'<MORE_DETAILED_CAPTION>': {'raw': '</s><s>The image is a simple, orange-colored sun icon. It is in the shape of a circle with six rays radiating outwards from the center. The rays are evenly spaced 
10 428f1b4c5969909c.png 4.39 {'<MORE_DETAILED_CAPTION>': {'raw': '</s><s>The image is a black and white line drawing of two hands shaking. The hands are facing each other and appear to be in a handshake. The background is white, 
11 c0394af33514ebb1.png 5.07 {'<MORE_DETAILED_CAPTION>': {'raw': '</s><s>The image is a line drawing of a car with a roof rack on top. The car is shown in a simple, minimalist style with no other elements in the image. The roof r
12 026769b1356f3283.png 5.91 {'<MORE_DETAILED_CAPTION>': {'raw': '</s><s>The image is a logo or emblem with a white background. On the left side of the image, there is a blue circle with a red circle in the center. Inside the cir
13 075ba88c36bea11a.do 5.51 {'<MORE_DETAILED_CAPTION>': {'raw': '</s><s>The image is a square logo with a blue border. In the center of the logo, there is a red and blue spiral design. The spiral is curved and appears to be made
14 0e1b6909831958ac.png 5.43 {'<MORE_DETAILED_CAPTION>': {'raw': '</s><s>The image is a logo for a company called NVIDIA. The logo is rectangular in shape and has a green color scheme. On the left side of the logo, there is a sty
15 1e071b0427c69490.png 5.21 {'<MORE_DETAILED_CAPTION>': {'raw': '</s><s>The image is a logo for a company called "MIRIAN". The logo is written in black capital letters on a white background. The letters are arranged in a way tha
16 423177cbdda8d724.gif 6.43 {'<MORE_DETAILED_CAPTION>': {'raw': '</s><s>The image is a logo for the National Center Center in South Korea. The logo is rectangular in shape and has a white background. On the left side of the logo
17 d5aeb9aec8a6aac3.png 5.71 {'<MORE_DETAILED_CAPTION>': {'raw': '</s><s>The image is a logo for Dong-Gu, a city in Daegu, South Korea. The logo is divided into two sections. On the left side, there is a green and blue wave-like 
18 1b7d42dd2f95b6e1.jpg 6.59 {'<MORE_DETAILED_CAPTION>': {'raw': '</s><s>The image is a graphic design with a blue background and white text. The text is written in Korean and translates to "10 years old" in English. Below the te
19 1d3b9f31517547fe.jpg 5.61 {'<MORE_DETAILED_CAPTION>': {'raw': '</s><s>The image is a green background with white text in Korean. The text reads "NAVER" in a bold, sans-serif font. Below the text, there is a smaller text in a s
20 38f9fbfe72f770f3.jpg 5.94 {'<MORE_DETAILED_CAPTION>': {'raw': '</s><s>The image is a graphic design with a blue background and orange text. The text is written in Korean and translates to "2020. 1.1.0.0" in English. Below the 
21 4741d9518dea78ff.jpg 5.8 {'<MORE_DETAILED_CAPTION>': {'raw': '</s><s>The image shows a white paper bag with a black logo on it. The bag is placed on a shelf in a store, and there are several other bags of food items visible i
22 569b18fe5cf1b3f9.jpg 8.65 {'<MORE_DETAILED_CAPTION>': {'raw': '</s><s>The image is a graphic design with a white background and colorful illustrations of various animals. In the center, there is a large pink elephant with a gr
23 ad9f57c142a01c88.jpg 7.12 {'<MORE_DETAILED_CAPTION>': {'raw': '</s><s>The image is an illustration of a calendar with the text "2026리스타에세요" written in Korean. The calendar is in the center of the image and has a green backgrou
24 046bf6ae3c5e646b.es 6.45 {'<MORE_DETAILED_CAPTION>': {'raw': '</s><s>The image is an advertisement for a Korean language learning program. The background is a light blue color with a yellow ribbon on the left side. On the rig
25 2426950fc41b9a93.png 7.79 {'<MORE_DETAILED_CAPTION>': {'raw': '</s><s>The image is an advertisement for a children\'s play together event in South Korea. The background is light blue and the text is written in Korean. On the l
26 3fd77908165a4ba9.jpg 6.85 {'<MORE_DETAILED_CAPTION>': {'raw': '</s><s>The image is a screenshot of a webpage in Korean. The background is pink and the text is written in black. On the right side of the image, there is an illus
27 425f8567e6c2156b.jpg 8.79 {'<MORE_DETAILED_CAPTION>': {'raw': '</s><s>The image is a promotional poster for a Korean music festival. It features a group of six people, six men and one woman, standing in front of a colorful bac
28 7a9e3ca7407f9a30.jpg 6.88 {'<MORE_DETAILED_CAPTION>': {'raw': '</s><s>The image is a promotional poster for a Korean drama. It features a family of four - a man, a woman, and two children - standing in a living room. The man i
29 b182f126d1b1dbba.jpg 5.54 {'<MORE_DETAILED_CAPTION>': {'raw': '</s><s>The image is a digital poster with a golden trophy on a black pedestal. The trophy is in the center of the poster and is surrounded by a laurel wreath. The 
30 01fee160037c164e.do 7.79 {'<MORE_DETAILED_CAPTION>': {'raw': '</s><s>The image is a screenshot of the homepage of a website called APEC 2025 Korea. The website has a blue and white color scheme with a navigation bar at the to
31 0be9f0f533833af2.jpg 7.65 {'<MORE_DETAILED_CAPTION>': {'raw': '</s><s>The image is an infographic in Korean. It is divided into two sections. \n\nOn the left side of the image, there is a map of a city with various landmarks a
32 0c65e63384de3f64.png 5.8 {'<MORE_DETAILED_CAPTION>': {'raw': '</s><s>The image is a map of a city with a blue marker in the center. The map is in Korean and shows the layout of the city with various buildings, roads, and othe
33 25198da01a56c796.png 6.84 {'<MORE_DETAILED_CAPTION>': {'raw': '</s><s>The image is a map of a building in South Korea. The map is divided into two sections, with the top section showing the layout of the building and the botto
34 28b16068d4379176.png 7.16 {'<MORE_DETAILED_CAPTION>': {'raw': '</s><s>The image is a table that shows the dates and times of the year 2021 in Korean. The table is divided into two columns, with the first column listing the day
35 658a87ad149352ab.jpg 7.92 {'<MORE_DETAILED_CAPTION>': {'raw': '</s><s>The image is a flowchart or diagram that shows the relationship between two languages in Korean. The flowchart is divided into two sections, with the first 
36 11cc05715bac383f.png 4.71 {'<MORE_DETAILED_CAPTION>': {'raw': '</s><s>The image is a red background with a white number 3 in the center. The number 3 is in a bold, sans-serif font and is slightly tilted to the right. The backg
37 1515dfefb89fa6d5.gif 5.25 {'<MORE_DETAILED_CAPTION>': {'raw': '</s><s>The image is a red and white striped pattern. The stripes are evenly spaced and run horizontally across the image. The background is white, and the stripes 
38 58a031d1909dc03e.do 9.57 {'<MORE_DETAILED_CAPTION>': {'raw': '</s><s>The image is an infographic in Korean. It has a light orange background with a white border. The title of the infographic is written in bold black letters a
39 6f96819d13a5746b.do 7.83 {'<MORE_DETAILED_CAPTION>': {'raw': '</s><s>The image is a promotional graphic for an ice skating event. It features a young man and a young woman on an ice rink. The man is wearing a white helmet and
40 c218978fb8f2c443.gif 4.67 {'<MORE_DETAILED_CAPTION>': {'raw': '</s><s>The image is a black and white square with the letter "E" in the center. The letter is slightly blurred, giving it a dreamy, ethereal quality. The backgroun
41 f87a726b3de847c3.do 7.64 {'<MORE_DETAILED_CAPTION>': {'raw': '</s><s>The image is a poster for an event called "HPV 2014.1.1 - 12.31.31". The poster has a blue background with white text and illustrations of three young boys 
