Connectivity check to the model hoster has been skipped because `DISABLE_MODEL_SOURCE_CHECK` is enabled.
INFO: Could not find files for the given pattern(s).
${ORIGINAL_WORKSPACE}\work\paddle_env\Lib\site-packages\paddle\utils\cpp_extension\extension_utils.py:718: UserWarning: No ccache found. Please be aware that recompiling all source files may be required. You can download and install ccache from: https://github.com/ccache/ccache/blob/master/doc/INSTALL.md
  warnings.warn(warning_message)
Creating model: ('PP-OCRv5_mobile_det', None)
Model files already exist. Using cached files. To redownload, please delete the directory manually: `${ORIGINAL_WORKSPACE}\work\models\paddlex\official_models\PP-OCRv5_mobile_det`.
Creating model: ('korean_PP-OCRv5_mobile_rec', None)
Model files already exist. Using cached files. To redownload, please delete the directory manually: `${ORIGINAL_WORKSPACE}\work\models\paddlex\official_models\korean_PP-OCRv5_mobile_rec`.
LOADED 0.5909775999607518
0 00737652af24f19b.do 13.680911300005391 38 
1 008bae02f8b54b3f.png 0.35020710004027933 2 
2 009d33b0a5e58ef5.png 0.7148354999953881 2 
3 0126a5a466d14387.png 0.16754549997858703 1 
6 037da18def710913.do 4.5461557999951765 9 
8 03cc6cf399ac7cc9.do 0.29653239995241165 0 
10 04ac3010bffa5f83.jpg 4.453862800030038 14 
11 072682334e93ed28.png 0.011180000030435622 0 
13 07cf10a42190b423.png 2.288378999917768 6 
14 080355dc26a0e644.es 0.025887600029818714 0 
15 0a3df4c11cde8316.png 0.5819949000142515 2 
16 0b61eb090ef96350.png 0.06691130006220192 0 
18 0c1d73b568af4aef.jpg 0.7337886000750586 4 
20 0d01350613178c2e.png 1.615978499990888 7 
22 0f620cb925da6409.png 0.13778059999458492 1 
23 0f9b358da32462b1.jpg 6.337155899964273 23 
24 0fa96347e01c68d8.do 16.77294830000028 58 
25 105a20d75654a2ce.png 0.15130569995380938 1 
26 10edb1680a2a2310.jpg 1.2151501999469474 7 
28 1196456dc6ff2045.do 7.497802299913019 29 
30 11ce50aab7258d4a.jpg 20.01657019997947 107 
31 12c36358dc7b7741.jpg 0.04661710001528263 0 
32 1311f966be2bebf4.jpg 0.5566380000673234 2 
33 13c2435103b74b76.png 0.1623482999857515 1 
35 15133037632c56d0.jpg 0.853337400010787 5 
37 15b927ee96f9fa2f.png 0.3506797000300139 2 
38 1675f97d37d8cd45.do 41.62912950001191 159 
39 168851f2204f3625.png 0.01206630002707243 0 
40 17643d3de3472b8b.es 0.02376510004978627 0 
41 17bf586fa68cbeea.jpg 0.5002845000708476 2 
42 187d537104ef8f63.png 0.3699202999705449 2 
43 1886af1fded91657.png 0.1645619000773877 1 
45 1ad73c6444d14010 0.615970200044103 3 
46 1ad845b566b21643.png 6.126325900084339 32 
47 1b0ce4e25e5df52f.es 4.706207799958065 20 
49 1bf4ef9651632437.jpg 1.5457846999634057 8 
52 1e58f0e354bd08e5.do 18.13139160000719 65 
53 1e64493eb814bdb6.es 0.7349097999976948 3 
54 1ec5450bc5efdd24.png 6.689850199967623 14 
55 1f3e001ba53a64a6.do 2.964704499929212 9 
56 1fa9b9a3cc6334b9.png 0.014194700052030385 0 
57 2096c47052c7688b.jpg 0.6645215000025928 3 
58 20fd7ff12560fd92.jpg 1.374947699951008 5 
59 21343e752f18241d.png 0.014418400009162724 0 
60 21b7feb43b80d724.png 4.231635400094092 21 
61 21c3ce698323a447.jpg 0.5718874000012875 2 
63 23116baa9b7e2a02.png 0.04284530004952103 0 
64 2381c4cc9f49c74a.es 1.7308267999906093 4 
66 24bd657d70d1c9a5.do 0.5345545000163838 2 
68 25260f803c492bbd.png 1.5017166999168694 3 
69 255e50dd3a7bd42b.png 0.02922759996727109 0 
70 25f2a57301b672c9.png 2.315714899916202 5 
71 25f76bd85dd84faf.do 9.074252200080082 29 
73 27c7fcecf2c5d727.jpg 0.917901000007987 4 
74 2827568a6e1e218c 4.704720500041731 9 
76 28a9ec172709caac.jpg 9.788647199980915 38 
78 28c9be30af1eb7c6.png 0.2726752000162378 1 
79 2d1dec4e6f489869.es 0.17857320001348853 1 
80 2d24f498d31e8953.jpg 1.2313822000287473 6 
81 2d2ed938808631ce.png 0.4225978999165818 2 
82 2d6798f6d8d861d3.jpg 2.6317771000321954 10 
83 2da8d197bc8e52d4.es 0.2115723000606522 1 
84 2ecfb24765cf33cf.do 0.530642900033854 1 
85 31c0107d900bf32f.do 5.954009299981408 8 
86 33089c82e540befb.do 4.590914499945939 16 
87 340fe02eace804aa.png 0.029399899998679757 0 
88 3441c6583446f1e2.png 2.7453329999698326 8 
89 3477605d15b964c0.jpg 1.423429200076498 5 
90 3482f034c071256d.png 0.18493600003421307 1 
91 3529446861b47efb.png 0.29203920008149 1 
92 37b0442bb32bec10.png 0.013518000021576881 0 
93 37c7021737e8b61d.jpg 1.3004321000771597 4 
94 37cd22f2951ed257.jpg 6.258964100037701 24 
95 385393a63686afef.do 3.2033938000677153 10 
97 39928532f07f2a39.do 2.637794299982488 8 
98 3aa293d72eacbc22.jpg 0.737663299893029 3 
100 3b373c53c4aeafea.png 0.046059499960392714 0 
101 3b76bf1ef810fe8f.png 0.22782060003373772 1 
102 3bfe3ffac382ec1d.jpg 1.1444209000328556 4 
103 3cf607ffab7fd437.png 0.014899900066666305 0 
104 3db5af1819fe6ff3.png 5.703326699906029 19 
106 410b11c1f2f9266a.png 0.013438599999062717 0 
107 41226bbc1e76cfd3.png 0.2754188999533653 1 
108 419c97ecc2035528.png 0.20528390002436936 1 
109 4214762e974e2ce6.png 0.809422800084576 3 
111 424317ce642af0ef.es 1.2157662999816239 3 
114 459841175d5150bd.png 0.1759252999909222 1 
115 466028731920418e.jpg 2.7890426999656484 5 
116 46827bd2de127574.es 8.105014099972323 21 
118 489dd19bfaaa6674.png 0.17494170006830245 1 
119 48f8a87e6bdfb344.jpg 0.7325974999694154 3 
120 49052aa8181509a1.jpg 1.4671018000226468 6 
121 493132cd8460aff3.jpg 0.6713042000774294 3 
122 497919189faaa553.jpg 4.008530599996448 12 
123 49b950fb6c6aa875.png 0.035314899985678494 0 
124 4b095a173e40016e.png 0.01161409995984286 0 
125 4b536843b2b9943c.png 0.2892798000248149 1 
126 4cdda41c75b7dbfe.jpg 0.45572680002078414 2 
127 4d10918f1777213e.png 0.16975130001083016 1 
128 4d4cd6add23bd045.jpg 0.5545778999803588 2 
129 4d5e42c172951fb2.png 0.013138600043021142 0 
130 4df52c1fd6dc2735.do 17.290579699911177 42 
131 4f32acbd328d706b.jpg 1.6368277000728995 6 
132 51d898523da32034.png 0.42264530004467815 2 
133 53b8e1b21cd44c50.do 2.323734400095418 9 
134 5481f098a58aa6b0.png 3.121154300053604 8 
135 54b31ece5d510b27.jpg 0.6171321999281645 3 
136 55a24e9f744d6d65.es 0.39972619991749525 2 
138 57a1a3e086f682a4.jpg 1.4459436000324786 6 
140 59cc8f399e307523.es 6.2757702000672 22 
141 59eb136f8528850e.es 0.17661349999252707 1 
142 5b74bf273a4cc5a1.png 0.018763699918054044 0 
143 5c08d8148c2df8c7.es 1.9282115999376401 5 
144 5c5413868ff010d2.png 1.118967599933967 3 
145 5cb158a342aa7b5c.do 1.5809112000279129 3 
146 5d1af175239c3f20.png 0.031750099966302514 0 
147 5e5e22074d3c1cd8.png 0.009893499896861613 0 
148 5ecbd19988001750.jpg 1.7923967000097036 6 
149 5f6af90eafe337d5.jpg 2.992856699973345 8 
150 5f9bbe66aec6e27c.do 7.137463400023989 16 
151 5fdd018cacc52964.png 5.987802500021644 17 
152 6142cdb1357d1347 4.309063700027764 16 
153 615b27d631be7217.png 0.20307139994110912 1 
154 6178117989a39a08.jpg 9.341192899970338 27 
155 62427a3904f10355.png 0.41673409997019917 2 
156 63d98e1e529cfb7a.png 0.17932199989445508 1 
157 63ec2ad788c0b978.jpg 1.8837703000754118 5 
158 640ff44c1f907da0.png 0.04302710003685206 0 
159 64f90b104f12b03a.do 8.389065600000322 30 
161 662abcaa3c63af85.png 0.14746150001883507 1 
162 6643961cc366e8d8.png 0.03279650001786649 0 
163 67f5b0c9eee472ed.png 0.14710290008224547 1 
164 687ca243049173f3.es 0.17789100005757064 1 
165 6993ed2365ac4866.png 0.012991899973712862 0 
166 699b17cedb1aa641.png 0.04150100005790591 0 
167 69bb137e7b284ac9.do 12.550763300037943 38 
168 69e987a6d5511aad.jpg 5.905673400033265 18 
169 6a8578d48c773a6e.png 0.013212499907240272 0 
170 6cafa6b71f52558a.png 0.19504179991781712 1 
171 6dbe31cd8a10625e.png 0.013530399999581277 0 
172 6e98dda6c06f5420.jpg 6.743191400077194 20 
174 6fdd932931640ae1.jpg 0.5798943999689072 3 
175 71c65f2bc661d4c8.png 0.013457100023515522 0 
176 730895e836be8aeb.png 0.1517777000553906 1 
177 7391af7b264b27e8.jpg 9.373157699941657 47 
178 745de111a146921a.do 3.1961734000360593 11 
179 76d4b740e02d6eb5.do 3.581081600044854 12 
180 782df1b6bd7c858e.do 8.910358400084078 9 
181 785cc58ea3fff7cd.jpg 0.9295425000600517 4 
182 78888f0d800f13dc.jpg 5.6601393999299034 10 
183 7937377a296d5231.es 0.7546561000635847 4 
184 7987d85ff6fbeee7.es 0.164554400020279 1 
185 79998b4331d066e2.png 0.3974584999959916 2 
186 7a8e67a80a8afadc.png 0.7483864000532776 3 
188 7ae7d854f104bf97.png 0.25633889995515347 1 
189 7b2c510a55cd3d79.png 0.010885700001381338 0 
190 7b34a75688be181a.png 0.0793399999383837 0 
191 7b6b3414efac06a1.png 0.40735230001155287 2 
192 7d7db06ce9ac65a2.png 0.42907880002167076 2 
193 7da068a5e0c27a46.jpg 0.1777675999328494 1 
194 7db35e4921e04b16.es 2.007116600056179 5 
195 7de5c7c05afbbc19.png 0.1816170000238344 1 
196 7e0a51bdb8a5a616.es 0.18254050007089972 1 
198 7f5f4c9f07490a92.jpg 25.464112799963914 92 
199 7f905d4ee55a2580.jpg 1.279001499991864 5 
200 7fccbfcecb6b7c4e.png 0.8462058000732213 2 
201 80cca3c399e82c34.jpg 0.7964117999654263 1 
202 83ad030b59429722.png 0.19718679995276034 1 
203 85f7a5de219d965a.png 0.03878269996494055 0 
204 869412d00cfe6445.png 0.4520681999856606 2 
205 879abdd3f0d0b698.png 0.576329999952577 2 
206 89ad36b005339e5f.jpg 0.9596375999972224 4 
207 8b82df3032680413.png 0.011269600014202297 0 
208 8d31dd60fc23e025.es 0.1800336999585852 1 
209 8d6091058dd3f312.png 0.6260527999838814 3 
210 8d8063ca320e4b28.png 0.39661689999047667 2 
211 8da9de6bda0b7379.png 0.4281409999821335 2 
212 8f04b8f055b0bd1e.jpg 0.5664830999448895 2 
213 8fec3b833baf4e6f.jpg 1.6157984000165015 4 
214 900b53eba446ec1d.es 0.1733186999335885 1 
215 904d55c497e88b06.png 0.013247400056570768 0 
216 905e2e384cac569c.es 7.664030999992974 22 
217 90a38c9dd90868e0.png 0.012362200068309903 0 
218 911972bcc17d27a1.jpg 1.7715762000298128 8 
219 91c065f9cd973c9c.jpg 2.01498239999637 5 
220 91fd435d3fe44a39.png 0.19632039999123663 1 
221 929515576b58faa0.jpg 0.773202900076285 3 
222 92a0ff21280c6023.jpg 0.6210980000905693 3 
223 93e23cd878b786b9.jpg 0.7591534999664873 2 
224 95e4ffe002e60d9a.jpg 2.014938100008294 6 
225 978022a7ac0b32b7.es 4.082114299992099 14 
226 9888140838bf4484.jpg 0.0862224999582395 0 
227 9897ce021b800023.jpg 0.8036412000656128 4 
228 9968d65ca5a314c4.jpg 8.81152710004244 30 
229 998bc73524ae4d45.es 3.141822300036438 10 
231 9e62f13605a205ee 5.116124199936166 16 
232 a016a41ad89971dd.png 0.012659400003030896 0 
233 a2eba62c71ef9f97.png 0.19515400007367134 1 
234 a383896c161caaf9.do 12.75063909997698 23 
235 a3c7df31cdd7443f.jpg 0.8811058999272063 5 
236 a4956a4c294ffe5b.jpg 0.8759859999408945 4 
237 a79e9d9901d42a82.png 0.17924930003937334 1 
238 a85b28cba44be5f8.jpg 0.4143560000229627 2 
239 a920da06d4e61e97.jpg 0.24163350008893758 1 
240 aa117ef38c18f050.png 0.1677297999849543 1 
241 ab08bc28484fecac.png 0.28278449992649257 1 
242 ad293e50961b6353 4.628889099927619 14 
243 ad58782512226e0d.jpg 0.6468184000113979 2 
245 adfaa5819f1324c8.png 1.3068760999012738 6 
246 ae4bd999616d97ab.png 0.5894594999263063 3 
247 aedc6d4b56e5481a.png 1.0758468999993056 3 
248 aef47a97a2036225.jpg 1.7944952000398189 7 
249 af563f1c410793c3.png 0.1490532000316307 1 
250 b0aae43f672fae10.png 0.16947319998871535 1 
251 b164b36706e64b83.png 0.8140348000451922 3 
253 b1d32e3b86d71422.do 13.029878600034863 34 
254 b3bf1cc132e1ed38 4.967039100010879 16 
255 b41a61c1f6cc04ef.png 0.0102764000184834 0 
256 b4c06bcbbc421c30.png 0.41958520002663136 2 
257 b5ae6b2f23bc9a47.png 0.17869930004235357 1 
258 b70a9e57b7c36973.png 0.7710956999799237 4 
259 b7235f03e9e0e15a.do 2.7395737000042573 9 
260 b83f24d7404f8e60.jpg 0.3967523999745026 2 
261 ba0883def006e4ff.jpg 0.8486605000216514 2 
262 bc73850753ef34ef.gif 0.8687044000253081 4 
263 bce5d17ea599291a.png 0.012838299968279898 0 
265 c0a498b45681a551.jpg 3.6352674000663683 6 
266 c127fa05a51fe4af.es 4.98782159993425 21 
268 c3ca252c1d1afe99.png 0.6553450999781489 4 
269 c4b2bfd12fef8904.jpg 0.6732186999870464 4 
270 c5adfb2a3c19b021.png 18.280965800047852 59 
271 c74132eb5fb3e10c.es 1.274922400014475 5 
272 c748b2fae7b0c2ce.jpg 2.1079553000163287 13 
273 ca301a379999ed23.png 0.20208499999716878 1 
274 ce9afa8db7455834.jpg 4.045537500060163 6 
275 d1163723299097e5.jpg 13.647154600010253 47 
276 d1779a6ca7e8e441.jpg 0.6480855999980122 2 
277 d1abbee6c645fd82.jpg 0.6389480999205261 2 
278 d494deeeb9019e86.jpg 0.7271288000047207 4 
280 d7d54fd2227d824e.jpg 0.34631240007001907 2 
281 e269426715313539.do 7.096727399970405 34 
282 e3fbd185f148503d.jpg 6.911737299989909 16 
283 e5f492c841f2afca.png 0.012755899922922254 0 
284 e848625106145421.jpg 5.9080389000009745 21 
285 ec4b57f713d87809.png 0.8548597000772133 2 
286 ecd93ce8adab7170.gif 2.5310170999728143 15 
287 ed5f0cd556c495e6.jpg 0.6724390999879688 2 
288 f2ad624ae8feee22.png 1.7124019999755546 7 
289 f3931d2425fca16f.png 0.0094941999996081 0 
290 f4015b238fca1c80.jpg 0.323893400025554 2 
291 f57248d9ac851831.jpg 0.34954119997564703 2 
292 f59e7f64d7640153.svg 0.02151620003860444 0 
293 f80a7d3140505e24.jpg 1.4250067000975832 7 
295 fa29c4f6f59a7253.png 0.02690739999525249 0 
296 fb47b5837f0de7e9.jpg 1.6321210999740288 8 
297 fbec6047e65c8613.jpg 0.5040413000388071 0 
298 feede8d21a96e3cd.jpg 0.34009720000904053 2 
DONE 299
